exports[`Test Root component renders correctly 1`] = `
<div>
  <h1>
    Hello World!
  </h1>
  <form
    onSubmit={[Function]}>
    <input
      type="text" />
    <button
      type="submit">
      Add
    </button>
  </form>
  <ul>
    <li
      onClick={[Function]}
      style={
        Object {
          "textDecoration": "none",
        }
      }>
      Hello world
    </li>
    <li
      onClick={[Function]}
      style={
        Object {
          "textDecoration": "line-through",
        }
      }>
      Hello world 2
    </li>
  </ul>
  <div>
    <a
      onClick={[Function]}
      style={Object {}}>
      Show All
    </a>
    <a
      onClick={[Function]}
      style={Object {}}>
      Active
    </a>
    <a
      onClick={[Function]}
      style={Object {}}>
      Completed
    </a>
  </div>
</div>
`;
